******************************************************************************
                  TI ARM Linker PC v20.2.5                     
******************************************************************************
>> Linked Fri Jan 27 01:05:18 2023

OUTPUT FILE NAME:   <UART3.out>
ENTRY POINT SYMBOL: "_c_int00_noargs"  address: 00001329


MEMORY CONFIGURATION

         name            origin    length      used     unused   attr    fill
----------------------  --------  ---------  --------  --------  ----  --------
  FLASH                 00000000   00040000  00001454  0003ebac  R  X
  SRAM                  20000000   00008000  000002a0  00007d60  RW X


SEGMENT ALLOCATION MAP

run origin  load origin   length   init length attrs members
----------  ----------- ---------- ----------- ----- -------
00000000    00000000    00001458   00001458    r-x
  00000000    00000000    0000026c   0000026c    r-- .intvecs
  0000026c    0000026c    000011c8   000011c8    r-x .text
  00001438    00001438    00000020   00000020    r-- .cinit
20000000    20000000    000002a0   00000000    rw-
  20000000    20000000    00000200   00000000    rw- .stack
  20000200    20000200    00000090   00000000    rw- .data
  20000290    20000290    00000010   00000000    rw- .sysmem


SECTION ALLOCATION MAP

 output                                  attributes/
section   page    origin      length       input sections
--------  ----  ----------  ----------   ----------------
.intvecs   0    00000000    0000026c     
                  00000000    0000026c     tm4c123gh6pm_startup_ccs.obj (.intvecs)

.text      0    0000026c    000011c8     
                  0000026c    000002ec     UART.obj (.text)
                  00000558    000001b6     rtsv7M4_T_le_v4SPD16_eabi.lib : fd_add_t2.asm.obj (.text)
                  0000070e    00000002                                   : _lock.c.obj (.text:_nop)
                  00000710    00000100                                   : memory.c.obj (.text:aligned_alloc)
                  00000810    000000f8                                   : s_floor.c.obj (.text:floor)
                  00000908    000000e4                                   : memory.c.obj (.text:free)
                  000009ec    000000e4                                   : memory.c.obj (.text:realloc)
                  00000ad0    000000cc     GPIO.obj (.text)
                  00000b9c    000000c4     TIMER.obj (.text)
                  00000c60    000000c4     rtsv7M4_T_le_v4SPD16_eabi.lib : s_round.c.obj (.text:round)
                  00000d24    000000ac     main.obj (.text)
                  00000dd0    0000009c     rtsv7M4_T_le_v4SPD16_eabi.lib : memcpy_t2.asm.obj (.text)
                  00000e6c    00000094     SYSTICK.obj (.text)
                  00000f00    00000086     rtsv7M4_T_le_v4SPD16_eabi.lib : fd_cmp_t2.asm.obj (.text:__aeabi_cdcmple)
                  00000f86    00000086                                   : fd_cmp_t2.asm.obj (.text:__aeabi_cdrcmple)
                  0000100c    0000007c     PLL.obj (.text)
                  00001088    0000007a     rtsv7M4_T_le_v4SPD16_eabi.lib : memset_t2.asm.obj (.text)
                  00001102    00000002     --HOLE-- [fill = 0]
                  00001104    00000070                                   : memory.c.obj (.text:split)
                  00001174    00000068                                   : copy_decompress_lzss.c.obj (.text:decompress:lzss:__TI_decompress_lzss)
                  000011dc    0000004c                                   : s_lround.c.obj (.text:lround)
                  00001228    00000048                                   : fd_toi_t2.asm.obj (.text)
                  00001270    00000044                                   : autoinit.c.obj (.text:__TI_auto_init_nobinit_nopinit:__TI_auto_init_nobinit_nopinit)
                  000012b4    0000003c                                   : signal.c.obj (.text:signal)
                  000012f0    00000038                                   : memory.c.obj (.text:calloc)
                  00001328    00000034                                   : boot_cortex_m.c.obj (.text:_c_int00_noargs:_c_int00_noargs)
                  0000135c    0000002e                                   : signal.c.obj (.text:raise)
                  0000138a    00000002     --HOLE-- [fill = 0]
                  0000138c    00000028                                   : memory.c.obj (.text:free_list_insert)
                  000013b4    00000020                                   : u_tofd_t2.asm.obj (.text)
                  000013d4    0000001c                                   : memory.c.obj (.text:free_list_remove)
                  000013f0    00000014                                   : strlen.c.obj (.text:strlen)
                  00001404    0000000e                                   : copy_decompress_none.c.obj (.text:decompress:none:__TI_decompress_none)
                  00001412    0000000c     tm4c123gh6pm_startup_ccs.obj (.text)
                  0000141e    00000008     rtsv7M4_T_le_v4SPD16_eabi.lib : memory.c.obj (.text:malloc)
                  00001426    00000006                                   : ti_fenv.c.obj (.text:__softfloat_float_raise)
                  0000142c    00000004                                   : pre_init.c.obj (.text:_system_pre_init)
                  00001430    00000004                                   : exit.c.obj (.text:abort:abort)

.cinit     0    00001438    00000020     
                  00001438    0000000e     (.cinit..data.load) [load image, compression = lzss]
                  00001446    00000002     --HOLE-- [fill = 0]
                  00001448    00000008     (__TI_handler_table)
                  00001450    00000008     (__TI_cinit_table)

.init_array 
*          0    00000000    00000000     UNINITIALIZED

.stack     0    20000000    00000200     UNINITIALIZED
                  20000000    00000004     rtsv7M4_T_le_v4SPD16_eabi.lib : boot_cortex_m.c.obj (.stack)
                  20000004    000001fc     --HOLE--

.data      0    20000200    00000090     UNINITIALIZED
                  20000200    00000080     rtsv7M4_T_le_v4SPD16_eabi.lib : signal.c.obj (.data:sigTable)
                  20000280    00000008                                   : _lock.c.obj (.data:$O1$$)
                  20000288    00000008                                   : memory.c.obj (.data:$O1$$)

.sysmem    0    20000290    00000010     UNINITIALIZED
                  20000290    00000010     rtsv7M4_T_le_v4SPD16_eabi.lib : memory.c.obj (.sysmem)

__llvm_prf_cnts 
*          0    20000000    00000000     UNINITIALIZED

MODULE SUMMARY

       Module                         code   ro data   rw data
       ------                         ----   -------   -------
    .\
       tm4c123gh6pm_startup_ccs.obj   12     620       0      
       main.obj                       172    0         0      
    +--+------------------------------+------+---------+---------+
       Total:                         184    620       0      
                                                              
    .\GPIO\
       GPIO.obj                       204    0         0      
    +--+------------------------------+------+---------+---------+
       Total:                         204    0         0      
                                                              
    .\PLL\
       PLL.obj                        124    0         0      
    +--+------------------------------+------+---------+---------+
       Total:                         124    0         0      
                                                              
    .\SYSTICK\
       SYSTICK.obj                    148    0         0      
    +--+------------------------------+------+---------+---------+
       Total:                         148    0         0      
                                                              
    .\TIMER\
       TIMER.obj                      196    0         0      
    +--+------------------------------+------+---------+---------+
       Total:                         196    0         0      
                                                              
    .\UART\
       UART.obj                       748    0         0      
    +--+------------------------------+------+---------+---------+
       Total:                         748    0         0      
                                                              
    D:\PROGRAMAS\ccs\tools\compiler\ti-cgt-arm_20.2.5.LTS\lib\rtsv7M4_T_le_v4SPD16_eabi.lib
       memory.c.obj                   956    0         8      
       fd_add_t2.asm.obj              438    0         0      
       fd_cmp_t2.asm.obj              268    0         0      
       s_floor.c.obj                  248    0         0      
       signal.c.obj                   106    0         128    
       s_round.c.obj                  196    0         0      
       memcpy_t2.asm.obj              156    0         0      
       memset_t2.asm.obj              122    0         0      
       copy_decompress_lzss.c.obj     104    0         0      
       s_lround.c.obj                 76     0         0      
       fd_toi_t2.asm.obj              72     0         0      
       autoinit.c.obj                 68     0         0      
       boot_cortex_m.c.obj            52     0         0      
       u_tofd_t2.asm.obj              32     0         0      
       strlen.c.obj                   20     0         0      
       copy_decompress_none.c.obj     14     0         0      
       _lock.c.obj                    2      0         8      
       ti_fenv.c.obj                  6      0         0      
       exit.c.obj                     4      0         0      
       pre_init.c.obj                 4      0         0      
    +--+------------------------------+------+---------+---------+
       Total:                         2944   0         144    
                                                              
       Heap:                          0      0         16     
       Stack:                         0      0         512    
       Linker Generated:              0      30        0      
    +--+------------------------------+------+---------+---------+
       Grand Total:                   4548   650       672    


LINKER GENERATED COPY TABLES

__TI_cinit_table @ 00001450 records: 1, size/record: 8, table size: 8
	.data: load addr=00001438, load size=0000000e bytes, run addr=20000200, run size=00000090 bytes, compression=lzss


LINKER GENERATED HANDLER TABLE

__TI_handler_table @ 00001448 records: 2, size/record: 4, table size: 8
	index: 0, handler: __TI_decompress_lzss
	index: 1, handler: __TI_decompress_none


GLOBAL SYMBOLS: SORTED ALPHABETICALLY BY Name 

address   name                          
-------   ----                          
00001431  C$$EXIT                       
00000ad1  Configurar_GPIO               
00000e6d  Configurar_SysTick            
00000b9d  Configurar_TIMER1B            
0000026d  Configurar_UART3              
00001413  ResetISR                      
00000377  Rx_char                       
0000039d  Rx_string                     
000003fd  Rx_string2                    
0000100d  SetSystemClock_80MHz          
00000e87  SysTick_espera                
00000ebf  SysTick_ms                    
00000c05  Timer1B_ISR                   
00000463  Tx_char                       
0000047f  Tx_string                     
20000200  __STACK_END                   
00000200  __STACK_SIZE                  
20000200  __STACK_TOP                   
00000010  __SYSMEM_SIZE                 
00001450  __TI_CINIT_Base               
00001458  __TI_CINIT_Limit              
00001448  __TI_Handler_Table_Base       
00001450  __TI_Handler_Table_Limit      
00001271  __TI_auto_init_nobinit_nopinit
00001175  __TI_decompress_lzss          
00001405  __TI_decompress_none          
ffffffff  __TI_pprof_out_hndl           
ffffffff  __TI_prof_data_size           
ffffffff  __TI_prof_data_start          
00000000  __TI_static_base__            
00000f01  __aeabi_cdcmpeq               
00000f01  __aeabi_cdcmple               
00000f87  __aeabi_cdrcmple              
00001229  __aeabi_d2iz                  
00000563  __aeabi_dadd                  
00000559  __aeabi_dsub                  
00001089  __aeabi_memclr                
00001089  __aeabi_memclr4               
00001089  __aeabi_memclr8               
00000dd1  __aeabi_memcpy                
00000dd1  __aeabi_memcpy4               
00000dd1  __aeabi_memcpy8               
0000108b  __aeabi_memset                
0000108b  __aeabi_memset4               
0000108b  __aeabi_memset8               
000013b5  __aeabi_ui2d                  
ffffffff  __binit__                     
ffffffff  __c_args__                    
UNDEFED   __mpu_init                    
00001427  __softfloat_float_raise       
20000000  __stack                       
20000000  __start___llvm_prf_cnts       
20000000  __stop___llvm_prf_cnts        
00001329  _c_int00_noargs               
20000280  _lock                         
0000070f  _nop                          
20000290  _sys_memory                   
UNDEFED   _system_post_cinit            
0000142d  _system_pre_init              
20000284  _unlock                       
00001431  abort                         
00000711  aligned_alloc                 
ffffffff  binit                         
000012f1  calloc                        
00000811  floor                         
00000811  floorl                        
00000909  free                          
00000000  g_pfnVectors                  
00000b11  habilitar_IntGPIO             
00000bd9  habilitar_IntTimer1B          
0000035d  habilitar_IntUART3            
000004a1  invertir_string               
000011dd  lround                        
00000d25  main                          
0000141f  malloc                        
00000711  memalign                      
00000dd1  memcpy                        
00001091  memset                        
0000135d  raise                         
000009ed  realloc                       
00000c61  round                         
00000c61  roundl                        
000012b5  signal                        
000013f1  strlen                        


GLOBAL SYMBOLS: SORTED BY Symbol Address 

address   name                          
-------   ----                          
00000000  __TI_static_base__            
00000000  g_pfnVectors                  
00000010  __SYSMEM_SIZE                 
00000200  __STACK_SIZE                  
0000026d  Configurar_UART3              
0000035d  habilitar_IntUART3            
00000377  Rx_char                       
0000039d  Rx_string                     
000003fd  Rx_string2                    
00000463  Tx_char                       
0000047f  Tx_string                     
000004a1  invertir_string               
00000559  __aeabi_dsub                  
00000563  __aeabi_dadd                  
0000070f  _nop                          
00000711  aligned_alloc                 
00000711  memalign                      
00000811  floor                         
00000811  floorl                        
00000909  free                          
000009ed  realloc                       
00000ad1  Configurar_GPIO               
00000b11  habilitar_IntGPIO             
00000b9d  Configurar_TIMER1B            
00000bd9  habilitar_IntTimer1B          
00000c05  Timer1B_ISR                   
00000c61  round                         
00000c61  roundl                        
00000d25  main                          
00000dd1  __aeabi_memcpy                
00000dd1  __aeabi_memcpy4               
00000dd1  __aeabi_memcpy8               
00000dd1  memcpy                        
00000e6d  Configurar_SysTick            
00000e87  SysTick_espera                
00000ebf  SysTick_ms                    
00000f01  __aeabi_cdcmpeq               
00000f01  __aeabi_cdcmple               
00000f87  __aeabi_cdrcmple              
0000100d  SetSystemClock_80MHz          
00001089  __aeabi_memclr                
00001089  __aeabi_memclr4               
00001089  __aeabi_memclr8               
0000108b  __aeabi_memset                
0000108b  __aeabi_memset4               
0000108b  __aeabi_memset8               
00001091  memset                        
00001175  __TI_decompress_lzss          
000011dd  lround                        
00001229  __aeabi_d2iz                  
00001271  __TI_auto_init_nobinit_nopinit
000012b5  signal                        
000012f1  calloc                        
00001329  _c_int00_noargs               
0000135d  raise                         
000013b5  __aeabi_ui2d                  
000013f1  strlen                        
00001405  __TI_decompress_none          
00001413  ResetISR                      
0000141f  malloc                        
00001427  __softfloat_float_raise       
0000142d  _system_pre_init              
00001431  C$$EXIT                       
00001431  abort                         
00001448  __TI_Handler_Table_Base       
00001450  __TI_CINIT_Base               
00001450  __TI_Handler_Table_Limit      
00001458  __TI_CINIT_Limit              
20000000  __stack                       
20000000  __start___llvm_prf_cnts       
20000000  __stop___llvm_prf_cnts        
20000200  __STACK_END                   
20000200  __STACK_TOP                   
20000280  _lock                         
20000284  _unlock                       
20000290  _sys_memory                   
ffffffff  __TI_pprof_out_hndl           
ffffffff  __TI_prof_data_size           
ffffffff  __TI_prof_data_start          
ffffffff  __binit__                     
ffffffff  __c_args__                    
ffffffff  binit                         
UNDEFED   __mpu_init                    
UNDEFED   _system_post_cinit            

[84 symbols]
